::thruogh::through
::trhough::through
::through::through
::throu::through
::thru::through
::cna::can
::acn::can
